{
  "components" : {
    "schemas" : {
      "org.wildfly.swarm.microprofile.openapi.runtime.entity.SpecialCaseTestContainer" : {
        "type" : "array",
        "items" : {
          "type" : "object"
        }
      }
    }
  }
}
